192.168.1.105 - - [18/Feb/2026:06:18:10 +0000] "POST /assets/fonts/inter.woff2 HTTP/1.1" 200 282109 "-" "Mozilla/5.0 (Windows NT 10.0; Win64; x64) AppleWebKit/537.36 (KHTML, like Gecko) Chrome/120.0.0.0 Safari/537.36"
10.0.2.34 - - [18/Feb/2026:06:19:42 +0000] "POST /old-page HTTP/1.1" 404 1070 "-" "Mozilla/5.0 (Windows NT 10.0; Win64; x64) AppleWebKit/537.36 (KHTML, like Gecko) Edge/120.0.0.0 Safari/537.36"
91.198.174.192 - - [18/Feb/2026:06:22:32 +0000] "DELETE /blog/2026-roadmap HTTP/1.1" 200 25370 "https://example.com/products" "curl/8.4.0"
10.0.2.34 - - [18/Feb/2026:06:23:11 +0000] "GET /assets/css/main.css HTTP/1.1" 200 128300 "-" "Mozilla/5.0 (Macintosh; Intel Mac OS X 10_15_7) AppleWebKit/537.36 (KHTML, like Gecko) Chrome/120.0.0.0 Safari/537.36"
54.36.149.21 - - [18/Feb/2026:06:23:25 +0000] "GET /docs HTTP/1.1" 200 3459 "https://www.google.com/" "Mozilla/5.0 (X11; Linux x86_64; rv:121.0) Gecko/20100101 Firefox/121.0"
91.198.174.192 - - [18/Feb/2026:06:23:44 +0000] "GET /settings HTTP/1.1" 200 30158 "https://www.google.com/search?q=cloud+products" "curl/8.4.0"
10.0.2.34 - - [18/Feb/2026:06:24:52 +0000] "GET /assets/css/main.css HTTP/1.1" 304 0 "https://example.com/blog" "Mozilla/5.0 (compatible; bingbot/2.0; +http://www.bing.com/bingbot.htm)"
54.36.149.21 - - [18/Feb/2026:06:31:31 +0000] "GET /careers/devops-engineer HTTP/1.1" 200 27429 "-" "Mozilla/5.0 (compatible; bingbot/2.0; +http://www.bing.com/bingbot.htm)"
142.250.185.46 - - [18/Feb/2026:06:33:29 +0000] "HEAD /http-page HTTP/1.1" 301 191 "-" "Mozilla/5.0 (X11; Linux x86_64; rv:121.0) Gecko/20100101 Firefox/121.0"
185.220.101.34 - - [18/Feb/2026:06:33:54 +0000] "DELETE /api/v2/products HTTP/1.1" 403 323 "-" "Mozilla/5.0 (compatible; AhrefsBot/7.0; +http://ahrefs.com/robot/)"
172.16.0.89 - - [18/Feb/2026:06:35:58 +0000] "GET /old-products HTTP/2.0" 301 324 "-" "Mozilla/5.0 (Windows NT 10.0; Win64; x64) AppleWebKit/537.36 (KHTML, like Gecko) Chrome/120.0.0.0 Safari/537.36"
10.0.2.34 - - [18/Feb/2026:06:37:43 +0000] "GET /dashboard HTTP/1.1" 200 36233 "https://www.google.com/" "Mozilla/5.0 (compatible; bingbot/2.0; +http://www.bing.com/bingbot.htm)"
185.220.101.34 - - [18/Feb/2026:06:41:24 +0000] "HEAD /backup.sql HTTP/1.1" 404 1173 "https://example.com/" "Mozilla/5.0 (compatible; AhrefsBot/7.0; +http://ahrefs.com/robot/)"
10.0.2.34 - - [18/Feb/2026:06:42:59 +0000] "PUT /careers/cloud-engineer HTTP/2.0" 200 38379 "https://www.google.com/" "Mozilla/5.0 (iPhone; CPU iPhone OS 17_2 like Mac OS X) AppleWebKit/605.1.15 (KHTML, like Gecko) Version/17.2 Mobile/15E148 Safari/604.1"
10.0.2.34 - - [18/Feb/2026:06:43:19 +0000] "HEAD /blog/infrastructure-update HTTP/1.1" 200 33099 "-" "Mozilla/5.0 (Windows NT 10.0; Win64; x64) AppleWebKit/537.36 (KHTML, like Gecko) Chrome/120.0.0.0 Safari/537.36"
216.58.214.206 - - [18/Feb/2026:06:45:41 +0000] "GET /docs/getting-started HTTP/2.0" 200 26258 "https://www.bing.com/" "Mozilla/5.0 (compatible; bingbot/2.0; +http://www.bing.com/bingbot.htm)"
72.14.192.3 - - [18/Feb/2026:06:46:58 +0000] "GET /api/v1/nonexistent HTTP/1.1" 404 1141 "https://example.com/blog" "Mozilla/5.0 (X11; Linux x86_64; rv:121.0) Gecko/20100101 Firefox/121.0"
114.119.136.73 - - [18/Feb/2026:06:50:14 +0000] "GET /api/v1/products HTTP/1.1" 200 5603 "https://github.com/example/project" "Mozilla/5.0 (Macintosh; Intel Mac OS X 10_15_7) AppleWebKit/537.36 (KHTML, like Gecko) Chrome/120.0.0.0 Safari/537.36"
172.16.0.89 - - [18/Feb/2026:06:56:33 +0000] "GET /api/v2/products HTTP/2.0" 200 7026 "https://example.com/" "Mozilla/5.0 (compatible; bingbot/2.0; +http://www.bing.com/bingbot.htm)"
203.0.113.45 - - [18/Feb/2026:06:57:09 +0000] "GET /docs/v1 HTTP/1.1" 301 342 "https://www.google.com/" "Mozilla/5.0 (Windows NT 10.0; Win64; x64) AppleWebKit/537.36 (KHTML, like Gecko) Edge/120.0.0.0 Safari/537.36"
172.16.0.89 - - [18/Feb/2026:06:59:32 +0000] "GET /careers/devops-engineer HTTP/1.1" 200 20044 "-" "Mozilla/5.0 (Windows NT 10.0; Win64; x64) AppleWebKit/537.36 (KHTML, like Gecko) Edge/120.0.0.0 Safari/537.36"
203.0.113.45 - - [18/Feb/2026:07:02:41 +0000] "POST /products/sensor-lite HTTP/1.1" 200 42799 "https://www.google.com/" "Mozilla/5.0 (iPhone; CPU iPhone OS 17_2 like Mac OS X) AppleWebKit/605.1.15 (KHTML, like Gecko) Version/17.2 Mobile/15E148 Safari/604.1"
54.239.28.85 - - [18/Feb/2026:07:03:36 +0000] "DELETE /api/v1/products HTTP/1.1" 200 4497 "https://www.reddit.com/r/devops/" "Mozilla/5.0 (compatible; Googlebot/2.1; +http://www.google.com/bot.html)"
45.33.32.156 - - [18/Feb/2026:07:03:41 +0000] "GET /assets/images/logo.png HTTP/1.1" 200 192625 "-" "Mozilla/5.0 (Windows NT 10.0; Win64; x64) AppleWebKit/537.36 (KHTML, like Gecko) Chrome/120.0.0.0 Safari/537.36"
10.0.2.34 - - [18/Feb/2026:07:04:01 +0000] "POST /assets/css/main.css HTTP/1.1" 200 142117 "-" "Mozilla/5.0 (compatible; bingbot/2.0; +http://www.bing.com/bingbot.htm)"
72.14.192.3 - - [18/Feb/2026:07:04:12 +0000] "POST /contact HTTP/1.1" 200 5244 "-" "Mozilla/5.0 (iPhone; CPU iPhone OS 17_2 like Mac OS X) AppleWebKit/605.1.15 (KHTML, like Gecko) Version/17.2 Mobile/15E148 Safari/604.1"
192.168.1.105 - - [18/Feb/2026:07:05:21 +0000] "GET /docs HTTP/1.1" 200 30548 "https://www.reddit.com/r/devops/" "curl/8.4.0"
162.125.6.1 - - [18/Feb/2026:07:07:44 +0000] "GET /http-page HTTP/1.1" 301 260 "https://www.bing.com/" "Mozilla/5.0 (compatible; Googlebot/2.1; +http://www.google.com/bot.html)"
52.96.108.170 - - [18/Feb/2026:07:08:23 +0000] "GET /docs/getting-started HTTP/1.1" 200 39275 "-" "Mozilla/5.0 (compatible; AhrefsBot/7.0; +http://ahrefs.com/robot/)"
140.82.112.4 - - [18/Feb/2026:07:09:42 +0000] "GET /favicon.ico HTTP/2.0" 200 10200 "https://www.bing.com/" "Mozilla/5.0 (compatible; bingbot/2.0; +http://www.bing.com/bingbot.htm)"
185.199.108.133 - - [18/Feb/2026:07:11:37 +0000] "GET / HTTP/1.1" 200 8073 "-" "Mozilla/5.0 (Windows NT 10.0; Win64; x64) AppleWebKit/537.36 (KHTML, like Gecko) Chrome/120.0.0.0 Safari/537.36"
10.0.2.34 - - [18/Feb/2026:07:13:56 +0000] "GET /api/v1/health HTTP/1.1" 200 5267 "-" "python-requests/2.31.0"
10.0.2.34 - - [18/Feb/2026:07:15:36 +0000] "PUT /api/v1/users HTTP/1.0" 200 7151 "https://news.ycombinator.com/" "Mozilla/5.0 (compatible; AhrefsBot/7.0; +http://ahrefs.com/robot/)"
10.0.2.34 - - [18/Feb/2026:07:17:26 +0000] "GET /careers HTTP/1.1" 200 3322 "-" "curl/8.4.0"
91.198.174.192 - - [18/Feb/2026:07:19:33 +0000] "GET /sitemap.xml HTTP/1.1" 200 34469 "https://www.google.com/search?q=cloud+products" "Mozilla/5.0 (Windows NT 10.0; Win64; x64) AppleWebKit/537.36 (KHTML, like Gecko) Edge/120.0.0.0 Safari/537.36"
104.26.10.78 - - [18/Feb/2026:07:21:03 +0000] "POST /api/v1/health HTTP/1.1" 200 4382 "https://www.google.com/" "Mozilla/5.0 (Windows NT 10.0; Win64; x64) AppleWebKit/537.36 (KHTML, like Gecko) Chrome/120.0.0.0 Safari/537.36"
203.0.113.45 - - [18/Feb/2026:07:21:37 +0000] "POST /index.html HTTP/1.1" 200 22715 "https://github.com/example/project" "Mozilla/5.0 (compatible; bingbot/2.0; +http://www.bing.com/bingbot.htm)"
104.26.10.78 - - [18/Feb/2026:07:21:48 +0000] "POST /sitemap.xml HTTP/1.1" 200 15541 "https://www.google.com/search?q=cloud+products" "Mozilla/5.0 (X11; Linux x86_64; rv:121.0) Gecko/20100101 Firefox/121.0"
91.198.174.192 - - [18/Feb/2026:07:23:05 +0000] "GET /products/widget-pro HTTP/1.1" 200 39694 "https://www.google.com/" "Mozilla/5.0 (compatible; bingbot/2.0; +http://www.bing.com/bingbot.htm)"
172.16.0.89 - - [18/Feb/2026:07:23:20 +0000] "GET /typo-page HTTP/1.0" 404 1019 "https://www.bing.com/" "Mozilla/5.0 (Windows NT 10.0; Win64; x64) AppleWebKit/537.36 (KHTML, like Gecko) Chrome/120.0.0.0 Safari/537.36"
10.0.2.34 - - [18/Feb/2026:07:24:19 +0000] "POST /assets/js/vendor.js HTTP/2.0" 200 146155 "https://www.google.com/" "Mozilla/5.0 (compatible; Googlebot/2.1; +http://www.google.com/bot.html)"
185.199.108.133 - - [18/Feb/2026:07:26:37 +0000] "GET /products/sensor-lite HTTP/1.1" 200 22217 "-" "Mozilla/5.0 (compatible; bingbot/2.0; +http://www.bing.com/bingbot.htm)"
185.199.108.133 - - [18/Feb/2026:07:27:24 +0000] "HEAD /api/v2/users HTTP/1.1" 200 5687 "-" "Mozilla/5.0 (Macintosh; Intel Mac OS X 10_15_7) AppleWebKit/537.36 (KHTML, like Gecko) Chrome/120.0.0.0 Safari/537.36"
52.96.108.170 - - [18/Feb/2026:07:27:45 +0000] "HEAD /api/v1/products HTTP/1.1" 200 5855 "-" "Mozilla/5.0 (Windows NT 10.0; Win64; x64) AppleWebKit/537.36 (KHTML, like Gecko) Edge/120.0.0.0 Safari/537.36"
10.0.2.34 - - [18/Feb/2026:07:30:46 +0000] "HEAD /docs/rate-limits HTTP/1.1" 200 20270 "https://twitter.com/cloudcompany" "Mozilla/5.0 (compatible; AhrefsBot/7.0; +http://ahrefs.com/robot/)"
10.0.2.34 - - [18/Feb/2026:07:31:07 +0000] "GET /docs HTTP/1.1" 200 12184 "https://twitter.com/cloudcompany" "Mozilla/5.0 (compatible; AhrefsBot/7.0; +http://ahrefs.com/robot/)"
40.77.167.41 - - [18/Feb/2026:07:31:58 +0000] "GET /contact HTTP/1.1" 200 22460 "https://example.com/products" "Mozilla/5.0 (Windows NT 10.0; Win64; x64) AppleWebKit/537.36 (KHTML, like Gecko) Chrome/120.0.0.0 Safari/537.36"
185.199.108.133 - - [18/Feb/2026:07:33:18 +0000] "GET /login HTTP/1.1" 200 10950 "https://www.google.com/" "Mozilla/5.0 (X11; Linux x86_64; rv:121.0) Gecko/20100101 Firefox/121.0"
10.0.2.34 - - [18/Feb/2026:07:33:50 +0000] "GET /assets/js/app.js HTTP/1.1" 200 66736 "https://www.google.com/search?q=cloud+products" "Mozilla/5.0 (X11; Linux x86_64; rv:121.0) Gecko/20100101 Firefox/121.0"
198.51.100.22 - - [18/Feb/2026:07:34:51 +0000] "GET /blog/infrastructure-update HTTP/1.1" 200 41649 "https://www.bing.com/" "Mozilla/5.0 (compatible; bingbot/2.0; +http://www.bing.com/bingbot.htm)"
10.0.2.34 - - [18/Feb/2026:07:36:00 +0000] "GET /.env HTTP/1.0" 404 1020 "-" "Mozilla/5.0 (Macintosh; Intel Mac OS X 10_15_7) AppleWebKit/537.36 (KHTML, like Gecko) Chrome/120.0.0.0 Safari/537.36"
142.250.185.46 - - [18/Feb/2026:07:36:33 +0000] "GET /assets/fonts/inter.woff2 HTTP/1.1" 200 201571 "-" "Mozilla/5.0 (compatible; Googlebot/2.1; +http://www.google.com/bot.html)"
104.26.10.78 - - [18/Feb/2026:07:43:51 +0000] "HEAD /assets/js/vendor.js HTTP/1.1" 200 146565 "https://example.com/" "Mozilla/5.0 (Windows NT 10.0; Win64; x64) AppleWebKit/537.36 (KHTML, like Gecko) Chrome/120.0.0.0 Safari/537.36"
192.168.1.105 - - [18/Feb/2026:07:44:03 +0000] "POST /robots.txt HTTP/1.1" 200 41478 "-" "Mozilla/5.0 (Macintosh; Intel Mac OS X 10_15_7) AppleWebKit/537.36 (KHTML, like Gecko) Chrome/120.0.0.0 Safari/537.36"
151.101.1.69 - - [18/Feb/2026:07:45:33 +0000] "GET /blog/infrastructure-update HTTP/2.0" 200 10037 "https://example.com/blog" "Mozilla/5.0 (X11; Linux x86_64; rv:121.0) Gecko/20100101 Firefox/121.0"
203.0.113.45 - - [18/Feb/2026:07:46:07 +0000] "GET /products/widget-pro HTTP/2.0" 200 34320 "https://www.google.com/" "Mozilla/5.0 (compatible; Googlebot/2.1; +http://www.google.com/bot.html)"
180.76.15.143 - - [18/Feb/2026:07:47:31 +0000] "GET /api/v2/products HTTP/1.1" 200 4226 "https://example.com/" "Mozilla/5.0 (Windows NT 10.0; Win64; x64) AppleWebKit/537.36 (KHTML, like Gecko) Chrome/120.0.0.0 Safari/537.36"
104.26.10.78 - - [18/Feb/2026:07:48:36 +0000] "GET /assets/css/main.css HTTP/1.1" 200 117901 "https://example.com/" "curl/8.4.0"
198.51.100.22 - - [18/Feb/2026:07:49:50 +0000] "POST /products/widget-pro HTTP/1.1" 200 6272 "https://www.google.com/" "curl/8.4.0"
10.0.2.34 - - [18/Feb/2026:07:50:46 +0000] "GET /docs/api-reference HTTP/2.0" 200 41061 "https://www.reddit.com/r/devops/" "Mozilla/5.0 (X11; Linux x86_64; rv:121.0) Gecko/20100101 Firefox/121.0"
23.45.67.89 - - [18/Feb/2026:07:51:39 +0000] "GET /api/v1/users HTTP/1.1" 200 2024 "-" "Mozilla/5.0 (Windows NT 10.0; Win64; x64) AppleWebKit/537.36 (KHTML, like Gecko) Chrome/120.0.0.0 Safari/537.36"
43.155.77.200 - - [18/Feb/2026:07:51:52 +0000] "GET /products/gadget-x HTTP/1.1" 403 333 "-" "Mozilla/5.0 (compatible; Googlebot/2.1; +http://www.google.com/bot.html)"
216.58.214.206 - - [18/Feb/2026:07:52:21 +0000] "GET /blog HTTP/1.1" 200 44438 "-" "Mozilla/5.0 (Windows NT 10.0; Win64; x64) AppleWebKit/537.36 (KHTML, like Gecko) Chrome/120.0.0.0 Safari/537.36"
117.18.237.29 - - [18/Feb/2026:07:52:24 +0000] "GET /pricing HTTP/2.0" 200 29685 "-" "Mozilla/5.0 (compatible; bingbot/2.0; +http://www.bing.com/bingbot.htm)"
192.168.1.105 - - [18/Feb/2026:07:53:25 +0000] "GET /api/v1/status HTTP/1.1" 200 1761 "https://www.google.com/" "Mozilla/5.0 (compatible; Googlebot/2.1; +http://www.google.com/bot.html)"
114.119.136.73 - - [18/Feb/2026:07:54:21 +0000] "PUT /pricing HTTP/1.1" 200 14516 "-" "python-requests/2.31.0"
216.58.214.206 - - [18/Feb/2026:07:56:55 +0000] "GET /pricing HTTP/2.0" 200 37728 "-" "Mozilla/5.0 (Windows NT 10.0; Win64; x64) AppleWebKit/537.36 (KHTML, like Gecko) Edge/120.0.0.0 Safari/537.36"
54.36.149.21 - - [18/Feb/2026:07:58:12 +0000] "GET /pricing HTTP/1.1" 200 16916 "https://www.google.com/" "Mozilla/5.0 (Windows NT 10.0; Win64; x64) AppleWebKit/537.36 (KHTML, like Gecko) Chrome/120.0.0.0 Safari/537.36"
45.33.32.156 - - [18/Feb/2026:07:58:16 +0000] "GET /wp-admin HTTP/1.1" 404 528 "https://twitter.com/cloudcompany" "curl/8.4.0"
10.0.2.34 - - [18/Feb/2026:08:01:45 +0000] "PUT /contact HTTP/1.1" 200 27403 "https://www.bing.com/" "Mozilla/5.0 (compatible; AhrefsBot/7.0; +http://ahrefs.com/robot/)"
54.36.149.21 - - [18/Feb/2026:08:01:49 +0000] "GET /careers/devops-engineer HTTP/1.1" 200 2368 "-" "Mozilla/5.0 (X11; Linux x86_64; rv:121.0) Gecko/20100101 Firefox/121.0"
43.155.77.200 - - [18/Feb/2026:08:04:34 +0000] "POST /server-status HTTP/1.1" 404 1169 "https://www.bing.com/" "curl/8.4.0"
185.199.108.133 - - [18/Feb/2026:08:07:07 +0000] "GET /dashboard HTTP/1.1" 200 24559 "-" "curl/8.4.0"
10.0.2.34 - - [18/Feb/2026:08:08:28 +0000] "GET /assets/css/main.css HTTP/1.1" 200 84679 "-" "Mozilla/5.0 (compatible; AhrefsBot/7.0; +http://ahrefs.com/robot/)"
192.168.1.105 - - [18/Feb/2026:08:08:58 +0000] "DELETE /favicon.ico HTTP/1.0" 200 12648 "-" "Mozilla/5.0 (iPhone; CPU iPhone OS 17_2 like Mac OS X) AppleWebKit/605.1.15 (KHTML, like Gecko) Version/17.2 Mobile/15E148 Safari/604.1"
185.199.108.133 - - [18/Feb/2026:08:11:54 +0000] "GET / HTTP/1.1" 200 23483 "-" "Mozilla/5.0 (Windows NT 10.0; Win64; x64) AppleWebKit/537.36 (KHTML, like Gecko) Edge/120.0.0.0 Safari/537.36"
52.96.108.170 - - [18/Feb/2026:08:12:33 +0000] "GET /assets/css/main.css HTTP/2.0" 304 0 "-" "Mozilla/5.0 (compatible; AhrefsBot/7.0; +http://ahrefs.com/robot/)"
117.18.237.29 - - [18/Feb/2026:08:12:41 +0000] "GET /api/v1/orders HTTP/1.1" 200 3380 "https://twitter.com/cloudcompany" "Mozilla/5.0 (Windows NT 10.0; Win64; x64) AppleWebKit/537.36 (KHTML, like Gecko) Chrome/120.0.0.0 Safari/537.36"
203.0.113.45 - - [18/Feb/2026:08:12:55 +0000] "HEAD /products HTTP/1.1" 200 43063 "https://www.reddit.com/r/devops/" "Mozilla/5.0 (compatible; Googlebot/2.1; +http://www.google.com/bot.html)"
172.16.0.89 - - [18/Feb/2026:08:12:58 +0000] "GET /old-page HTTP/2.0" 404 828 "-" "Mozilla/5.0 (compatible; bingbot/2.0; +http://www.bing.com/bingbot.htm)"
192.168.1.105 - - [18/Feb/2026:08:14:12 +0000] "GET /assets/images/logo.png HTTP/1.1" 200 395687 "-" "Mozilla/5.0 (compatible; AhrefsBot/7.0; +http://ahrefs.com/robot/)"
192.168.1.105 - - [18/Feb/2026:08:16:19 +0000] "PUT /docs/getting-started HTTP/1.1" 200 35935 "https://www.google.com/" "Mozilla/5.0 (Windows NT 10.0; Win64; x64) AppleWebKit/537.36 (KHTML, like Gecko) Edge/120.0.0.0 Safari/537.36"
157.55.39.80 - - [18/Feb/2026:08:18:38 +0000] "GET /api/v2/sync HTTP/1.1" 500 322 "https://www.bing.com/" "Mozilla/5.0 (compatible; bingbot/2.0; +http://www.bing.com/bingbot.htm)"
180.76.15.143 - - [18/Feb/2026:08:20:18 +0000] "GET /careers/cloud-engineer HTTP/1.1" 200 38332 "https://www.google.com/" "Mozilla/5.0 (compatible; AhrefsBot/7.0; +http://ahrefs.com/robot/)"
151.101.1.69 - - [18/Feb/2026:08:22:14 +0000] "HEAD /favicon.ico HTTP/1.1" 200 12266 "https://example.com/products" "Mozilla/5.0 (compatible; bingbot/2.0; +http://www.bing.com/bingbot.htm)"
43.155.77.200 - - [18/Feb/2026:08:22:15 +0000] "HEAD /.git/config HTTP/1.1" 404 932 "-" "Mozilla/5.0 (compatible; AhrefsBot/7.0; +http://ahrefs.com/robot/)"
45.33.32.156 - - [18/Feb/2026:08:23:19 +0000] "GET /assets/fonts/inter.woff2 HTTP/2.0" 200 107087 "-" "Mozilla/5.0 (compatible; AhrefsBot/7.0; +http://ahrefs.com/robot/)"
203.0.113.45 - - [18/Feb/2026:08:23:30 +0000] "GET /api/v2/products HTTP/1.1" 200 658 "https://www.google.com/" "Mozilla/5.0 (compatible; Googlebot/2.1; +http://www.google.com/bot.html)"
185.220.101.34 - - [18/Feb/2026:08:24:04 +0000] "GET /phpmyadmin HTTP/1.1" 404 706 "https://twitter.com/cloudcompany" "Mozilla/5.0 (Windows NT 10.0; Win64; x64) AppleWebKit/537.36 (KHTML, like Gecko) Chrome/120.0.0.0 Safari/537.36"
17.253.144.10 - - [18/Feb/2026:08:25:58 +0000] "GET /products HTTP/1.1" 200 32791 "https://www.google.com/" "Mozilla/5.0 (Macintosh; Intel Mac OS X 10_15_7) AppleWebKit/537.36 (KHTML, like Gecko) Chrome/120.0.0.0 Safari/537.36"
52.96.108.170 - - [18/Feb/2026:08:26:53 +0000] "GET /assets/fonts/inter.woff2 HTTP/1.1" 304 0 "-" "Mozilla/5.0 (Windows NT 10.0; Win64; x64) AppleWebKit/537.36 (KHTML, like Gecko) Chrome/120.0.0.0 Safari/537.36"
45.33.32.156 - - [18/Feb/2026:08:27:20 +0000] "HEAD /assets/css/main.css HTTP/1.1" 200 123689 "https://www.google.com/search?q=cloud+products" "Mozilla/5.0 (Windows NT 10.0; Win64; x64) AppleWebKit/537.36 (KHTML, like Gecko) Chrome/120.0.0.0 Safari/537.36"
151.101.1.69 - - [18/Feb/2026:08:27:39 +0000] "PUT /blog/2025 HTTP/1.1" 301 197 "https://www.google.com/" "Mozilla/5.0 (compatible; bingbot/2.0; +http://www.bing.com/bingbot.htm)"
13.107.42.14 - - [18/Feb/2026:08:27:47 +0000] "HEAD /blog/2025 HTTP/1.1" 301 183 "https://news.ycombinator.com/" "Mozilla/5.0 (Macintosh; Intel Mac OS X 10_15_7) AppleWebKit/537.36 (KHTML, like Gecko) Chrome/120.0.0.0 Safari/537.36"
185.220.101.34 - - [18/Feb/2026:08:28:21 +0000] "GET /products/discontinued HTTP/1.1" 404 1072 "-" "Mozilla/5.0 (compatible; bingbot/2.0; +http://www.bing.com/bingbot.htm)"
192.168.1.105 - - [18/Feb/2026:08:30:43 +0000] "GET /docs/api-reference HTTP/1.1" 200 12606 "https://example.com/products" "Mozilla/5.0 (iPhone; CPU iPhone OS 17_2 like Mac OS X) AppleWebKit/605.1.15 (KHTML, like Gecko) Version/17.2 Mobile/15E148 Safari/604.1"
203.0.113.45 - - [18/Feb/2026:08:31:36 +0000] "GET /blog/2025 HTTP/1.1" 301 270 "https://www.google.com/" "Mozilla/5.0 (Macintosh; Intel Mac OS X 10_15_7) AppleWebKit/537.36 (KHTML, like Gecko) Chrome/120.0.0.0 Safari/537.36"
192.168.1.105 - - [18/Feb/2026:08:31:46 +0000] "GET /blog/2025 HTTP/2.0" 301 265 "-" "Mozilla/5.0 (compatible; bingbot/2.0; +http://www.bing.com/bingbot.htm)"
89.248.167.131 - - [18/Feb/2026:08:32:17 +0000] "GET /products/sensor-lite HTTP/1.1" 301 319 "https://www.google.com/" "Mozilla/5.0 (compatible; bingbot/2.0; +http://www.bing.com/bingbot.htm)"
203.0.113.45 - - [18/Feb/2026:08:34:07 +0000] "GET /assets/fonts/inter.woff2 HTTP/1.1" 304 0 "-" "Mozilla/5.0 (compatible; AhrefsBot/7.0; +http://ahrefs.com/robot/)"
172.16.0.89 - - [18/Feb/2026:08:36:09 +0000] "PUT /assets/js/app.js HTTP/1.1" 304 0 "-" "python-requests/2.31.0"
10.0.2.34 - - [18/Feb/2026:08:36:23 +0000] "GET /about HTTP/1.1" 200 40053 "-" "python-requests/2.31.0"
192.168.1.105 - - [18/Feb/2026:08:37:20 +0000] "DELETE /api/v1/users HTTP/1.1" 200 4718 "https://example.com/products" "Mozilla/5.0 (compatible; bingbot/2.0; +http://www.bing.com/bingbot.htm)"
157.55.39.80 - - [18/Feb/2026:08:38:33 +0000] "GET /api/v1/products HTTP/1.1" 200 3627 "https://example.com/" "Mozilla/5.0 (compatible; Googlebot/2.1; +http://www.google.com/bot.html)"
203.0.113.45 - - [18/Feb/2026:08:38:35 +0000] "GET /assets/images/logo.png HTTP/1.1" 200 482585 "https://www.bing.com/" "python-requests/2.31.0"
43.155.77.200 - - [18/Feb/2026:08:39:18 +0000] "GET /api/v1/checkout HTTP/1.1" 403 392 "https://example.com/blog" "Mozilla/5.0 (Windows NT 10.0; Win64; x64) AppleWebKit/537.36 (KHTML, like Gecko) Edge/120.0.0.0 Safari/537.36"
104.26.10.78 - - [18/Feb/2026:08:41:58 +0000] "POST /careers HTTP/1.1" 200 40505 "https://example.com/products" "curl/8.4.0"
216.58.214.206 - - [18/Feb/2026:08:44:29 +0000] "GET /dashboard HTTP/1.1" 200 26602 "https://www.bing.com/" "Mozilla/5.0 (compatible; AhrefsBot/7.0; +http://ahrefs.com/robot/)"
89.248.167.131 - - [18/Feb/2026:08:45:14 +0000] "GET /sitemap.xml HTTP/1.0" 403 334 "https://github.com/example/project" "Mozilla/5.0 (compatible; Googlebot/2.1; +http://www.google.com/bot.html)"
140.82.112.4 - - [18/Feb/2026:08:45:16 +0000] "GET /api/v2/products HTTP/1.0" 200 1094 "https://www.google.com/" "Mozilla/5.0 (iPhone; CPU iPhone OS 17_2 like Mac OS X) AppleWebKit/605.1.15 (KHTML, like Gecko) Version/17.2 Mobile/15E148 Safari/604.1"
142.250.185.46 - - [18/Feb/2026:08:48:09 +0000] "GET /docs/rate-limits HTTP/1.1" 200 16099 "-" "Mozilla/5.0 (compatible; AhrefsBot/7.0; +http://ahrefs.com/robot/)"
10.0.2.34 - - [18/Feb/2026:08:49:01 +0000] "PUT /careers/devops-engineer HTTP/1.1" 200 42599 "-" "Mozilla/5.0 (Macintosh; Intel Mac OS X 10_15_7) AppleWebKit/537.36 (KHTML, like Gecko) Chrome/120.0.0.0 Safari/537.36"
172.16.0.89 - - [18/Feb/2026:08:51:23 +0000] "GET /docs HTTP/2.0" 200 38442 "https://news.ycombinator.com/" "Mozilla/5.0 (Windows NT 10.0; Win64; x64) AppleWebKit/537.36 (KHTML, like Gecko) Chrome/120.0.0.0 Safari/537.36"
198.51.100.22 - - [18/Feb/2026:08:52:06 +0000] "POST /docs/api-reference HTTP/2.0" 200 7091 "-" "python-requests/2.31.0"
52.96.108.170 - - [18/Feb/2026:08:52:45 +0000] "DELETE /wp-login.php HTTP/1.1" 404 824 "https://www.bing.com/" "Mozilla/5.0 (compatible; AhrefsBot/7.0; +http://ahrefs.com/robot/)"
91.198.174.192 - - [18/Feb/2026:08:54:55 +0000] "GET /api/v2/sync HTTP/1.1" 500 948 "-" "curl/8.4.0"
157.55.39.80 - - [18/Feb/2026:08:56:17 +0000] "GET /docs/v1 HTTP/1.1" 301 288 "-" "Mozilla/5.0 (compatible; bingbot/2.0; +http://www.bing.com/bingbot.htm)"
72.14.192.3 - - [18/Feb/2026:08:58:08 +0000] "PUT /api/v1/orders HTTP/1.0" 200 1307 "-" "Mozilla/5.0 (X11; Linux x86_64; rv:121.0) Gecko/20100101 Firefox/121.0"
172.16.0.89 - - [18/Feb/2026:08:59:20 +0000] "GET /api/v2/users HTTP/1.1" 200 5103 "https://news.ycombinator.com/" "Mozilla/5.0 (Windows NT 10.0; Win64; x64) AppleWebKit/537.36 (KHTML, like Gecko) Edge/120.0.0.0 Safari/537.36"
117.18.237.29 - - [18/Feb/2026:09:00:38 +0000] "GET /robots.txt HTTP/1.1" 200 39711 "https://www.google.com/search?q=cloud+products" "curl/8.4.0"
192.168.1.105 - - [18/Feb/2026:09:04:50 +0000] "HEAD /docs/authentication HTTP/2.0" 200 44883 "https://example.com/blog" "Mozilla/5.0 (iPhone; CPU iPhone OS 17_2 like Mac OS X) AppleWebKit/605.1.15 (KHTML, like Gecko) Version/17.2 Mobile/15E148 Safari/604.1"
10.0.2.34 - - [18/Feb/2026:09:05:27 +0000] "GET /api/v1/checkout HTTP/1.1" 503 669 "https://news.ycombinator.com/" "python-requests/2.31.0"
203.0.113.45 - - [18/Feb/2026:09:05:59 +0000] "POST /dashboard HTTP/1.1" 200 37217 "-" "Mozilla/5.0 (Windows NT 10.0; Win64; x64) AppleWebKit/537.36 (KHTML, like Gecko) Chrome/120.0.0.0 Safari/537.36"
10.0.2.34 - - [18/Feb/2026:09:10:02 +0000] "GET /products HTTP/1.1" 200 4497 "https://www.google.com/" "Mozilla/5.0 (X11; Linux x86_64; rv:121.0) Gecko/20100101 Firefox/121.0"
10.0.2.34 - - [18/Feb/2026:09:10:30 +0000] "GET /blog/2025 HTTP/1.1" 301 181 "-" "Mozilla/5.0 (compatible; Googlebot/2.1; +http://www.google.com/bot.html)"
185.199.108.133 - - [18/Feb/2026:09:11:32 +0000] "GET /docs/api-reference HTTP/1.1" 200 24050 "https://example.com/products" "Mozilla/5.0 (Windows NT 10.0; Win64; x64) AppleWebKit/537.36 (KHTML, like Gecko) Edge/120.0.0.0 Safari/537.36"
10.0.2.34 - - [18/Feb/2026:09:14:59 +0000] "POST /dashboard HTTP/1.1" 200 33841 "https://example.com/" "Mozilla/5.0 (compatible; bingbot/2.0; +http://www.bing.com/bingbot.htm)"
172.16.0.89 - - [18/Feb/2026:09:15:31 +0000] "GET /assets/fonts/inter.woff2 HTTP/1.1" 304 0 "https://www.reddit.com/r/devops/" "Mozilla/5.0 (compatible; AhrefsBot/7.0; +http://ahrefs.com/robot/)"
172.16.0.89 - - [18/Feb/2026:09:19:22 +0000] "GET /api/v2/products HTTP/2.0" 200 417 "-" "python-requests/2.31.0"
172.16.0.89 - - [18/Feb/2026:09:21:55 +0000] "GET /xmlrpc.php HTTP/1.1" 404 785 "https://www.google.com/search?q=cloud+products" "Mozilla/5.0 (Windows NT 10.0; Win64; x64) AppleWebKit/537.36 (KHTML, like Gecko) Edge/120.0.0.0 Safari/537.36"
192.168.1.105 - - [18/Feb/2026:09:22:29 +0000] "GET /careers/cloud-engineer HTTP/2.0" 200 20001 "https://example.com/products" "Mozilla/5.0 (X11; Linux x86_64; rv:121.0) Gecko/20100101 Firefox/121.0"
172.16.0.89 - - [18/Feb/2026:09:24:47 +0000] "DELETE /products/sensor-lite HTTP/1.1" 200 42297 "-" "Mozilla/5.0 (Windows NT 10.0; Win64; x64) AppleWebKit/537.36 (KHTML, like Gecko) Chrome/120.0.0.0 Safari/537.36"
157.55.39.80 - - [18/Feb/2026:09:25:07 +0000] "PUT /backup.sql HTTP/1.1" 404 740 "https://www.reddit.com/r/devops/" "Mozilla/5.0 (compatible; AhrefsBot/7.0; +http://ahrefs.com/robot/)"
10.0.2.34 - - [18/Feb/2026:09:25:26 +0000] "GET /api/v2/products HTTP/1.1" 200 5318 "https://www.google.com/search?q=cloud+products" "Mozilla/5.0 (Macintosh; Intel Mac OS X 10_15_7) AppleWebKit/537.36 (KHTML, like Gecko) Chrome/120.0.0.0 Safari/537.36"
52.96.108.170 - - [18/Feb/2026:09:26:05 +0000] "GET /settings HTTP/1.1" 200 3900 "-" "Mozilla/5.0 (Windows NT 10.0; Win64; x64) AppleWebKit/537.36 (KHTML, like Gecko) Edge/120.0.0.0 Safari/537.36"
13.107.42.14 - - [18/Feb/2026:09:27:15 +0000] "POST /careers HTTP/1.1" 200 1558 "https://twitter.com/cloudcompany" "Mozilla/5.0 (compatible; bingbot/2.0; +http://www.bing.com/bingbot.htm)"
104.26.10.78 - - [18/Feb/2026:09:29:02 +0000] "DELETE /careers HTTP/1.1" 200 13769 "https://www.bing.com/" "Mozilla/5.0 (compatible; AhrefsBot/7.0; +http://ahrefs.com/robot/)"
54.36.149.21 - - [18/Feb/2026:09:30:04 +0000] "GET /careers HTTP/1.1" 200 36958 "https://example.com/" "Mozilla/5.0 (Windows NT 10.0; Win64; x64) AppleWebKit/537.36 (KHTML, like Gecko) Chrome/120.0.0.0 Safari/537.36"
203.0.113.45 - - [18/Feb/2026:09:31:39 +0000] "GET /blog HTTP/1.1" 200 31207 "https://news.ycombinator.com/" "Mozilla/5.0 (Windows NT 10.0; Win64; x64) AppleWebKit/537.36 (KHTML, like Gecko) Chrome/120.0.0.0 Safari/537.36"
157.55.39.80 - - [18/Feb/2026:09:32:15 +0000] "GET / HTTP/2.0" 200 14768 "-" "Mozilla/5.0 (compatible; Googlebot/2.1; +http://www.google.com/bot.html)"
180.76.15.143 - - [18/Feb/2026:09:34:06 +0000] "GET /assets/fonts/inter.woff2 HTTP/1.1" 304 0 "-" "Mozilla/5.0 (Windows NT 10.0; Win64; x64) AppleWebKit/537.36 (KHTML, like Gecko) Chrome/120.0.0.0 Safari/537.36"
192.168.1.105 - - [18/Feb/2026:09:34:26 +0000] "GET /products/widget-pro HTTP/1.1" 200 18600 "-" "Mozilla/5.0 (Windows NT 10.0; Win64; x64) AppleWebKit/537.36 (KHTML, like Gecko) Edge/120.0.0.0 Safari/537.36"
151.101.1.69 - - [18/Feb/2026:09:34:34 +0000] "HEAD /docs/old-guide HTTP/1.1" 404 1005 "-" "Mozilla/5.0 (X11; Linux x86_64; rv:121.0) Gecko/20100101 Firefox/121.0"
10.0.2.34 - - [18/Feb/2026:09:36:33 +0000] "GET /old-page HTTP/1.1" 404 445 "https://www.google.com/" "python-requests/2.31.0"
13.107.42.14 - - [18/Feb/2026:09:37:05 +0000] "GET /assets/js/vendor.js HTTP/1.1" 304 0 "https://www.reddit.com/r/devops/" "Mozilla/5.0 (iPhone; CPU iPhone OS 17_2 like Mac OS X) AppleWebKit/605.1.15 (KHTML, like Gecko) Version/17.2 Mobile/15E148 Safari/604.1"
198.51.100.22 - - [18/Feb/2026:09:37:30 +0000] "POST /backup.sql HTTP/1.1" 403 239 "-" "Mozilla/5.0 (Windows NT 10.0; Win64; x64) AppleWebKit/537.36 (KHTML, like Gecko) Chrome/120.0.0.0 Safari/537.36"
13.107.42.14 - - [18/Feb/2026:09:38:05 +0000] "GET /robots.txt HTTP/1.1" 200 15760 "https://news.ycombinator.com/" "Mozilla/5.0 (compatible; AhrefsBot/7.0; +http://ahrefs.com/robot/)"
192.168.1.105 - - [18/Feb/2026:09:44:24 +0000] "GET /blog/2026-roadmap HTTP/1.1" 200 21098 "-" "curl/8.4.0"
40.77.167.41 - - [18/Feb/2026:09:45:33 +0000] "PUT /blog/new-features-january HTTP/2.0" 200 2727 "https://www.google.com/search?q=cloud+products" "curl/8.4.0"
35.186.224.25 - - [18/Feb/2026:09:45:36 +0000] "GET /pricing HTTP/1.1" 200 2153 "-" "Mozilla/5.0 (Windows NT 10.0; Win64; x64) AppleWebKit/537.36 (KHTML, like Gecko) Chrome/120.0.0.0 Safari/537.36"
13.107.42.14 - - [18/Feb/2026:09:46:38 +0000] "HEAD /api/v1/orders HTTP/2.0" 200 709 "https://example.com/" "Mozilla/5.0 (Windows NT 10.0; Win64; x64) AppleWebKit/537.36 (KHTML, like Gecko) Chrome/120.0.0.0 Safari/537.36"
203.0.113.45 - - [18/Feb/2026:09:46:41 +0000] "GET /assets/images/hero.jpg HTTP/1.1" 200 472108 "https://www.google.com/search?q=cloud+products" "Mozilla/5.0 (iPhone; CPU iPhone OS 17_2 like Mac OS X) AppleWebKit/605.1.15 (KHTML, like Gecko) Version/17.2 Mobile/15E148 Safari/604.1"
185.220.101.34 - - [18/Feb/2026:09:46:56 +0000] "GET /typo-page HTTP/1.1" 404 459 "https://github.com/example/project" "Mozilla/5.0 (iPhone; CPU iPhone OS 17_2 like Mac OS X) AppleWebKit/605.1.15 (KHTML, like Gecko) Version/17.2 Mobile/15E148 Safari/604.1"
192.168.1.105 - - [18/Feb/2026:09:48:28 +0000] "GET /blog/infrastructure-update HTTP/1.1" 200 36301 "https://www.google.com/" "Mozilla/5.0 (Windows NT 10.0; Win64; x64) AppleWebKit/537.36 (KHTML, like Gecko) Edge/120.0.0.0 Safari/537.36"
13.107.42.14 - - [18/Feb/2026:09:49:54 +0000] "GET /careers/devops-engineer HTTP/2.0" 200 2579 "https://example.com/" "Mozilla/5.0 (Macintosh; Intel Mac OS X 10_15_7) AppleWebKit/537.36 (KHTML, like Gecko) Chrome/120.0.0.0 Safari/537.36"
192.168.1.105 - - [18/Feb/2026:09:50:46 +0000] "POST /api/v1/orders HTTP/1.1" 200 1850 "https://example.com/blog" "curl/8.4.0"
192.168.1.105 - - [18/Feb/2026:09:52:10 +0000] "GET /contact HTTP/2.0" 200 20716 "https://example.com/products" "python-requests/2.31.0"
192.168.1.105 - - [18/Feb/2026:09:53:05 +0000] "DELETE /www-redirect HTTP/1.1" 301 342 "-" "Mozilla/5.0 (compatible; Googlebot/2.1; +http://www.google.com/bot.html)"
35.186.224.25 - - [18/Feb/2026:09:53:58 +0000] "GET /careers/cloud-engineer HTTP/2.0" 200 23963 "https://news.ycombinator.com/" "Mozilla/5.0 (Windows NT 10.0; Win64; x64) AppleWebKit/537.36 (KHTML, like Gecko) Chrome/120.0.0.0 Safari/537.36"
140.82.112.4 - - [18/Feb/2026:09:54:46 +0000] "POST /docs/getting-started HTTP/1.1" 200 32577 "-" "Mozilla/5.0 (X11; Linux x86_64; rv:121.0) Gecko/20100101 Firefox/121.0"
104.26.10.78 - - [18/Feb/2026:09:54:52 +0000] "GET /admin HTTP/2.0" 404 703 "-" "Mozilla/5.0 (compatible; Googlebot/2.1; +http://www.google.com/bot.html)"
104.26.10.78 - - [18/Feb/2026:09:55:15 +0000] "GET /dashboard HTTP/1.1" 200 16198 "https://www.reddit.com/r/devops/" "Mozilla/5.0 (Windows NT 10.0; Win64; x64) AppleWebKit/537.36 (KHTML, like Gecko) Edge/120.0.0.0 Safari/537.36"
10.0.2.34 - - [18/Feb/2026:09:59:06 +0000] "GET /backup.sql HTTP/2.0" 403 406 "-" "Mozilla/5.0 (compatible; bingbot/2.0; +http://www.bing.com/bingbot.htm)"
185.199.108.133 - - [18/Feb/2026:10:01:02 +0000] "GET /products/gadget-x HTTP/1.1" 200 32356 "https://www.google.com/" "Mozilla/5.0 (compatible; AhrefsBot/7.0; +http://ahrefs.com/robot/)"
172.16.0.89 - - [18/Feb/2026:10:01:14 +0000] "GET /assets/images/logo.png HTTP/1.1" 200 203625 "-" "Mozilla/5.0 (Windows NT 10.0; Win64; x64) AppleWebKit/537.36 (KHTML, like Gecko) Chrome/120.0.0.0 Safari/537.36"
216.58.214.206 - - [18/Feb/2026:10:01:39 +0000] "GET /api/v1/checkout HTTP/1.1" 500 1657 "https://twitter.com/cloudcompany" "Mozilla/5.0 (iPhone; CPU iPhone OS 17_2 like Mac OS X) AppleWebKit/605.1.15 (KHTML, like Gecko) Version/17.2 Mobile/15E148 Safari/604.1"
180.76.15.143 - - [18/Feb/2026:10:03:30 +0000] "POST /favicon.ico HTTP/1.1" 200 11712 "https://github.com/example/project" "Mozilla/5.0 (compatible; AhrefsBot/7.0; +http://ahrefs.com/robot/)"
185.199.108.133 - - [18/Feb/2026:10:03:57 +0000] "PUT /favicon.ico HTTP/1.1" 200 20470 "https://www.google.com/" "python-requests/2.31.0"
142.250.185.46 - - [18/Feb/2026:10:04:01 +0000] "GET /docs/getting-started HTTP/1.1" 200 31884 "-" "Mozilla/5.0 (Macintosh; Intel Mac OS X 10_15_7) AppleWebKit/537.36 (KHTML, like Gecko) Chrome/120.0.0.0 Safari/537.36"
185.199.108.133 - - [18/Feb/2026:10:04:12 +0000] "POST /wp-login.php HTTP/1.1" 404 985 "https://twitter.com/cloudcompany" "Mozilla/5.0 (compatible; Googlebot/2.1; +http://www.google.com/bot.html)"
13.107.42.14 - - [18/Feb/2026:10:05:39 +0000] "GET /xmlrpc.php HTTP/1.1" 404 630 "https://example.com/" "curl/8.4.0"
10.0.2.34 - - [18/Feb/2026:10:06:05 +0000] "GET /blog/2026-roadmap HTTP/1.1" 200 10702 "https://www.reddit.com/r/devops/" "Mozilla/5.0 (Macintosh; Intel Mac OS X 10_15_7) AppleWebKit/537.36 (KHTML, like Gecko) Chrome/120.0.0.0 Safari/537.36"
117.18.237.29 - - [18/Feb/2026:10:09:26 +0000] "GET /contact HTTP/1.1" 200 25295 "-" "Mozilla/5.0 (compatible; bingbot/2.0; +http://www.bing.com/bingbot.htm)"
192.168.1.105 - - [18/Feb/2026:10:09:36 +0000] "HEAD /wp-login.php HTTP/1.1" 404 592 "-" "Mozilla/5.0 (iPhone; CPU iPhone OS 17_2 like Mac OS X) AppleWebKit/605.1.15 (KHTML, like Gecko) Version/17.2 Mobile/15E148 Safari/604.1"
10.0.2.34 - - [18/Feb/2026:10:13:32 +0000] "PUT /api/v1/checkout HTTP/1.1" 502 1040 "https://www.reddit.com/r/devops/" "python-requests/2.31.0"
185.220.101.34 - - [18/Feb/2026:10:14:31 +0000] "GET /xmlrpc.php HTTP/2.0" 404 581 "https://www.google.com/" "Mozilla/5.0 (X11; Linux x86_64; rv:121.0) Gecko/20100101 Firefox/121.0"
192.168.1.105 - - [18/Feb/2026:10:15:01 +0000] "GET /products/gadget-x HTTP/2.0" 200 6252 "https://www.google.com/search?q=cloud+products" "python-requests/2.31.0"
13.107.42.14 - - [18/Feb/2026:10:15:43 +0000] "GET /docs/old-guide HTTP/1.1" 404 845 "https://www.google.com/" "Mozilla/5.0 (compatible; bingbot/2.0; +http://www.bing.com/bingbot.htm)"
192.168.1.105 - - [18/Feb/2026:10:18:06 +0000] "GET /robots.txt HTTP/1.1" 200 5474 "-" "python-requests/2.31.0"
203.0.113.45 - - [18/Feb/2026:10:20:01 +0000] "GET /products/discontinued HTTP/2.0" 404 999 "https://github.com/example/project" "Mozilla/5.0 (compatible; AhrefsBot/7.0; +http://ahrefs.com/robot/)"
192.168.1.105 - - [18/Feb/2026:10:21:12 +0000] "GET /careers/devops-engineer HTTP/1.1" 200 2848 "-" "Mozilla/5.0 (compatible; bingbot/2.0; +http://www.bing.com/bingbot.htm)"
203.0.113.45 - - [18/Feb/2026:10:21:48 +0000] "GET /robots.txt HTTP/1.1" 200 34764 "https://example.com/" "Mozilla/5.0 (compatible; bingbot/2.0; +http://www.bing.com/bingbot.htm)"
172.16.0.89 - - [18/Feb/2026:10:22:20 +0000] "GET /products/gadget-x HTTP/1.1" 200 15889 "-" "Mozilla/5.0 (Windows NT 10.0; Win64; x64) AppleWebKit/537.36 (KHTML, like Gecko) Edge/120.0.0.0 Safari/537.36"
172.16.0.89 - - [18/Feb/2026:10:27:22 +0000] "POST /products/gadget-x HTTP/1.1" 200 44405 "https://www.bing.com/" "Mozilla/5.0 (Macintosh; Intel Mac OS X 10_15_7) AppleWebKit/537.36 (KHTML, like Gecko) Chrome/120.0.0.0 Safari/537.36"
54.36.149.21 - - [18/Feb/2026:10:28:35 +0000] "GET /assets/js/app.js HTTP/1.1" 304 0 "https://www.bing.com/" "Mozilla/5.0 (compatible; Googlebot/2.1; +http://www.google.com/bot.html)"
172.16.0.89 - - [18/Feb/2026:10:28:37 +0000] "GET /dashboard HTTP/1.1" 200 42446 "-" "curl/8.4.0"
172.16.0.89 - - [18/Feb/2026:10:29:06 +0000] "GET /docs/getting-started HTTP/1.1" 200 37102 "https://example.com/blog" "python-requests/2.31.0"
151.101.1.69 - - [18/Feb/2026:10:35:22 +0000] "DELETE /wp-login.php HTTP/1.1" 404 1039 "https://www.reddit.com/r/devops/" "Mozilla/5.0 (Macintosh; Intel Mac OS X 10_15_7) AppleWebKit/537.36 (KHTML, like Gecko) Chrome/120.0.0.0 Safari/537.36"
172.16.0.89 - - [18/Feb/2026:10:37:57 +0000] "GET /api/v2/products HTTP/1.1" 200 7337 "https://www.google.com/" "Mozilla/5.0 (compatible; Googlebot/2.1; +http://www.google.com/bot.html)"
157.55.39.80 - - [18/Feb/2026:10:38:33 +0000] "GET /about HTTP/2.0" 200 27557 "https://news.ycombinator.com/" "Mozilla/5.0 (Windows NT 10.0; Win64; x64) AppleWebKit/537.36 (KHTML, like Gecko) Edge/120.0.0.0 Safari/537.36"
192.168.1.105 - - [18/Feb/2026:10:38:47 +0000] "GET /index.html HTTP/1.1" 200 31025 "https://www.reddit.com/r/devops/" "Mozilla/5.0 (compatible; AhrefsBot/7.0; +http://ahrefs.com/robot/)"
203.0.113.45 - - [18/Feb/2026:10:40:46 +0000] "GET /api/v1/health HTTP/1.1" 200 5849 "-" "Mozilla/5.0 (iPhone; CPU iPhone OS 17_2 like Mac OS X) AppleWebKit/605.1.15 (KHTML, like Gecko) Version/17.2 Mobile/15E148 Safari/604.1"
172.16.0.89 - - [18/Feb/2026:10:42:16 +0000] "GET /products HTTP/1.1" 200 2882 "https://example.com/" "Mozilla/5.0 (compatible; bingbot/2.0; +http://www.bing.com/bingbot.htm)"
192.168.1.105 - - [18/Feb/2026:10:48:18 +0000] "GET /assets/fonts/inter.woff2 HTTP/1.1" 200 359113 "https://www.google.com/" "Mozilla/5.0 (iPhone; CPU iPhone OS 17_2 like Mac OS X) AppleWebKit/605.1.15 (KHTML, like Gecko) Version/17.2 Mobile/15E148 Safari/604.1"
172.16.0.89 - - [18/Feb/2026:10:49:58 +0000] "POST /api/v2/users HTTP/1.1" 200 2640 "https://news.ycombinator.com/" "Mozilla/5.0 (X11; Linux x86_64; rv:121.0) Gecko/20100101 Firefox/121.0"
192.168.1.105 - - [18/Feb/2026:10:51:04 +0000] "POST /api/v1/health HTTP/1.1" 200 1626 "-" "Mozilla/5.0 (Macintosh; Intel Mac OS X 10_15_7) AppleWebKit/537.36 (KHTML, like Gecko) Chrome/120.0.0.0 Safari/537.36"
54.36.149.21 - - [18/Feb/2026:10:51:43 +0000] "POST /blog/2026-roadmap HTTP/2.0" 200 4096 "https://www.bing.com/" "Mozilla/5.0 (compatible; Googlebot/2.1; +http://www.google.com/bot.html)"
192.168.1.105 - - [18/Feb/2026:10:53:46 +0000] "GET /api/v2/users HTTP/1.1" 200 7269 "https://www.google.com/" "Mozilla/5.0 (Macintosh; Intel Mac OS X 10_15_7) AppleWebKit/537.36 (KHTML, like Gecko) Chrome/120.0.0.0 Safari/537.36"
104.26.10.78 - - [18/Feb/2026:10:54:05 +0000] "GET /backup.sql HTTP/1.0" 403 539 "https://example.com/" "Mozilla/5.0 (compatible; AhrefsBot/7.0; +http://ahrefs.com/robot/)"
185.199.108.133 - - [18/Feb/2026:10:59:24 +0000] "POST /blog/2026-roadmap HTTP/1.1" 200 12286 "-" "Mozilla/5.0 (iPhone; CPU iPhone OS 17_2 like Mac OS X) AppleWebKit/605.1.15 (KHTML, like Gecko) Version/17.2 Mobile/15E148 Safari/604.1"
185.199.108.133 - - [18/Feb/2026:10:59:30 +0000] "GET /careers HTTP/1.1" 200 26447 "-" "Mozilla/5.0 (compatible; Googlebot/2.1; +http://www.google.com/bot.html)"
10.0.2.34 - - [18/Feb/2026:11:00:02 +0000] "GET /dashboard HTTP/1.1" 200 43677 "https://www.bing.com/" "Mozilla/5.0 (compatible; bingbot/2.0; +http://www.bing.com/bingbot.htm)"
192.168.1.105 - - [18/Feb/2026:11:03:27 +0000] "GET /docs/authentication HTTP/1.1" 200 8299 "https://example.com/blog" "Mozilla/5.0 (compatible; bingbot/2.0; +http://www.bing.com/bingbot.htm)"
52.96.108.170 - - [18/Feb/2026:11:03:43 +0000] "HEAD /robots.txt HTTP/2.0" 200 12662 "https://www.google.com/search?q=cloud+products" "Mozilla/5.0 (Macintosh; Intel Mac OS X 10_15_7) AppleWebKit/537.36 (KHTML, like Gecko) Chrome/120.0.0.0 Safari/537.36"
91.198.174.192 - - [18/Feb/2026:11:10:15 +0000] "GET /docs/rate-limits HTTP/1.1" 200 37314 "https://news.ycombinator.com/" "Mozilla/5.0 (compatible; bingbot/2.0; +http://www.bing.com/bingbot.htm)"
72.14.192.3 - - [18/Feb/2026:11:10:40 +0000] "GET /docs HTTP/2.0" 200 39242 "-" "curl/8.4.0"
172.16.0.89 - - [18/Feb/2026:11:12:33 +0000] "GET /sitemap.xml HTTP/1.1" 200 7289 "https://twitter.com/cloudcompany" "Mozilla/5.0 (iPhone; CPU iPhone OS 17_2 like Mac OS X) AppleWebKit/605.1.15 (KHTML, like Gecko) Version/17.2 Mobile/15E148 Safari/604.1"
104.26.10.78 - - [18/Feb/2026:11:12:34 +0000] "GET /api/v1/users HTTP/1.0" 200 5763 "-" "python-requests/2.31.0"
172.16.0.89 - - [18/Feb/2026:11:13:04 +0000] "GET /assets/css/main.css HTTP/1.1" 304 0 "https://www.bing.com/" "Mozilla/5.0 (compatible; Googlebot/2.1; +http://www.google.com/bot.html)"
66.249.66.1 - - [18/Feb/2026:11:14:24 +0000] "GET /pricing HTTP/1.1" 200 2857 "https://www.google.com/search?q=cloud+products" "Mozilla/5.0 (compatible; Googlebot/2.1; +http://www.google.com/bot.html)"
52.96.108.170 - - [18/Feb/2026:11:15:13 +0000] "PUT /docs/getting-started HTTP/2.0" 200 8282 "https://www.google.com/" "curl/8.4.0"
172.16.0.89 - - [18/Feb/2026:11:19:37 +0000] "PUT /products HTTP/2.0" 200 22646 "-" "Mozilla/5.0 (compatible; Googlebot/2.1; +http://www.google.com/bot.html)"
10.0.2.34 - - [18/Feb/2026:11:24:49 +0000] "GET /contact HTTP/1.1" 200 38300 "-" "Mozilla/5.0 (compatible; bingbot/2.0; +http://www.bing.com/bingbot.htm)"
192.168.1.105 - - [18/Feb/2026:11:24:52 +0000] "GET /docs/authentication HTTP/1.1" 200 24600 "https://news.ycombinator.com/" "Mozilla/5.0 (iPhone; CPU iPhone OS 17_2 like Mac OS X) AppleWebKit/605.1.15 (KHTML, like Gecko) Version/17.2 Mobile/15E148 Safari/604.1"
185.220.101.34 - - [18/Feb/2026:11:25:36 +0000] "GET /phpmyadmin HTTP/2.0" 404 1192 "https://www.google.com/search?q=cloud+products" "Mozilla/5.0 (X11; Linux x86_64; rv:121.0) Gecko/20100101 Firefox/121.0"
45.33.32.156 - - [18/Feb/2026:11:30:57 +0000] "POST /api/v1/health HTTP/1.1" 200 5433 "-" "Mozilla/5.0 (Macintosh; Intel Mac OS X 10_15_7) AppleWebKit/537.36 (KHTML, like Gecko) Chrome/120.0.0.0 Safari/537.36"
192.168.1.105 - - [18/Feb/2026:11:31:09 +0000] "GET /old-products HTTP/1.1" 301 325 "https://www.google.com/search?q=cloud+products" "python-requests/2.31.0"
10.0.2.34 - - [18/Feb/2026:11:33:50 +0000] "GET /products HTTP/1.1" 200 37647 "https://twitter.com/cloudcompany" "Mozilla/5.0 (iPhone; CPU iPhone OS 17_2 like Mac OS X) AppleWebKit/605.1.15 (KHTML, like Gecko) Version/17.2 Mobile/15E148 Safari/604.1"
40.77.167.41 - - [18/Feb/2026:11:34:47 +0000] "DELETE /blog/infrastructure-update HTTP/2.0" 200 21530 "https://www.reddit.com/r/devops/" "Mozilla/5.0 (Windows NT 10.0; Win64; x64) AppleWebKit/537.36 (KHTML, like Gecko) Edge/120.0.0.0 Safari/537.36"
192.168.1.105 - - [18/Feb/2026:11:35:47 +0000] "GET /about HTTP/2.0" 200 31402 "-" "Mozilla/5.0 (compatible; Googlebot/2.1; +http://www.google.com/bot.html)"
172.16.0.89 - - [18/Feb/2026:11:37:09 +0000] "POST /careers/devops-engineer HTTP/1.1" 200 8066 "https://news.ycombinator.com/" "Mozilla/5.0 (iPhone; CPU iPhone OS 17_2 like Mac OS X) AppleWebKit/605.1.15 (KHTML, like Gecko) Version/17.2 Mobile/15E148 Safari/604.1"
172.16.0.89 - - [18/Feb/2026:11:38:01 +0000] "GET /blog/infrastructure-update HTTP/1.1" 200 5874 "https://github.com/example/project" "Mozilla/5.0 (Macintosh; Intel Mac OS X 10_15_7) AppleWebKit/537.36 (KHTML, like Gecko) Chrome/120.0.0.0 Safari/537.36"
54.239.28.85 - - [18/Feb/2026:11:40:23 +0000] "GET /products/widget-pro HTTP/2.0" 200 44501 "https://www.google.com/search?q=cloud+products" "Mozilla/5.0 (X11; Linux x86_64; rv:121.0) Gecko/20100101 Firefox/121.0"
192.168.1.105 - - [18/Feb/2026:11:40:48 +0000] "HEAD /backup.sql HTTP/2.0" 403 420 "-" "python-requests/2.31.0"
198.51.100.22 - - [18/Feb/2026:11:45:38 +0000] "POST /sitemap.xml HTTP/1.1" 200 37900 "-" "Mozilla/5.0 (compatible; AhrefsBot/7.0; +http://ahrefs.com/robot/)"
185.220.101.34 - - [18/Feb/2026:11:45:39 +0000] "PUT /.git/config HTTP/1.1" 404 608 "https://www.google.com/search?q=cloud+products" "curl/8.4.0"
45.33.32.156 - - [18/Feb/2026:11:47:36 +0000] "GET /products/sensor-lite HTTP/2.0" 200 12397 "https://www.google.com/" "Mozilla/5.0 (Macintosh; Intel Mac OS X 10_15_7) AppleWebKit/537.36 (KHTML, like Gecko) Chrome/120.0.0.0 Safari/537.36"
172.16.0.89 - - [18/Feb/2026:11:49:38 +0000] "POST /robots.txt HTTP/1.1" 200 15623 "https://www.bing.com/" "Mozilla/5.0 (compatible; AhrefsBot/7.0; +http://ahrefs.com/robot/)"
192.168.1.105 - - [18/Feb/2026:11:53:10 +0000] "GET / HTTP/1.1" 200 21388 "-" "Mozilla/5.0 (compatible; AhrefsBot/7.0; +http://ahrefs.com/robot/)"
192.168.1.105 - - [18/Feb/2026:11:54:10 +0000] "GET /blog/infrastructure-update HTTP/1.1" 200 11056 "-" "Mozilla/5.0 (compatible; bingbot/2.0; +http://www.bing.com/bingbot.htm)"
192.168.1.105 - - [18/Feb/2026:11:54:43 +0000] "GET /favicon.ico HTTP/1.1" 200 12936 "-" "Mozilla/5.0 (Windows NT 10.0; Win64; x64) AppleWebKit/537.36 (KHTML, like Gecko) Chrome/120.0.0.0 Safari/537.36"
192.168.1.105 - - [18/Feb/2026:11:56:44 +0000] "GET /sitemap.xml HTTP/1.1" 200 13991 "-" "python-requests/2.31.0"
192.168.1.105 - - [18/Feb/2026:11:57:47 +0000] "GET /favicon.ico HTTP/1.1" 200 7024 "https://www.bing.com/" "curl/8.4.0"
203.0.113.45 - - [18/Feb/2026:11:57:50 +0000] "DELETE /assets/js/vendor.js HTTP/1.1" 304 0 "-" "python-requests/2.31.0"
91.198.174.192 - - [18/Feb/2026:12:04:33 +0000] "GET /assets/fonts/inter.woff2 HTTP/1.1" 304 0 "https://www.google.com/" "Mozilla/5.0 (X11; Linux x86_64; rv:121.0) Gecko/20100101 Firefox/121.0"
192.168.1.105 - - [18/Feb/2026:12:04:58 +0000] "GET /login HTTP/1.0" 200 20863 "-" "curl/8.4.0"
10.0.2.34 - - [18/Feb/2026:12:05:42 +0000] "GET /api/v1/orders HTTP/1.1" 503 1588 "https://example.com/products" "Mozilla/5.0 (Windows NT 10.0; Win64; x64) AppleWebKit/537.36 (KHTML, like Gecko) Edge/120.0.0.0 Safari/537.36"
45.33.32.156 - - [18/Feb/2026:12:09:35 +0000] "GET /assets/js/vendor.js HTTP/2.0" 304 0 "-" "Mozilla/5.0 (Windows NT 10.0; Win64; x64) AppleWebKit/537.36 (KHTML, like Gecko) Edge/120.0.0.0 Safari/537.36"
172.16.0.89 - - [18/Feb/2026:12:11:44 +0000] "POST /blog/2025 HTTP/1.1" 301 238 "https://www.bing.com/" "Mozilla/5.0 (Windows NT 10.0; Win64; x64) AppleWebKit/537.36 (KHTML, like Gecko) Chrome/120.0.0.0 Safari/537.36"
192.168.1.105 - - [18/Feb/2026:12:12:11 +0000] "GET /blog HTTP/1.1" 200 16272 "-" "Mozilla/5.0 (compatible; bingbot/2.0; +http://www.bing.com/bingbot.htm)"
10.0.2.34 - - [18/Feb/2026:12:13:37 +0000] "HEAD /blog/2026-roadmap HTTP/1.1" 200 18382 "https://github.com/example/project" "curl/8.4.0"
104.26.10.78 - - [18/Feb/2026:12:14:19 +0000] "GET /api/v1/export HTTP/2.0" 503 1783 "https://www.google.com/" "python-requests/2.31.0"
185.220.101.34 - - [18/Feb/2026:12:18:00 +0000] "POST /api/v1/checkout HTTP/1.1" 403 290 "https://www.google.com/" "curl/8.4.0"
54.36.149.21 - - [18/Feb/2026:12:18:22 +0000] "POST /api/v1/status HTTP/1.1" 200 2971 "https://twitter.com/cloudcompany" "Mozilla/5.0 (compatible; bingbot/2.0; +http://www.bing.com/bingbot.htm)"
192.168.1.105 - - [18/Feb/2026:12:20:04 +0000] "GET /blog HTTP/1.1" 200 3987 "-" "Mozilla/5.0 (Windows NT 10.0; Win64; x64) AppleWebKit/537.36 (KHTML, like Gecko) Edge/120.0.0.0 Safari/537.36"
10.0.2.34 - - [18/Feb/2026:12:21:05 +0000] "GET /backup.sql HTTP/2.0" 403 278 "-" "Mozilla/5.0 (Macintosh; Intel Mac OS X 10_15_7) AppleWebKit/537.36 (KHTML, like Gecko) Chrome/120.0.0.0 Safari/537.36"
35.186.224.25 - - [18/Feb/2026:12:21:27 +0000] "PUT /http-page HTTP/1.1" 301 332 "https://www.bing.com/" "Mozilla/5.0 (iPhone; CPU iPhone OS 17_2 like Mac OS X) AppleWebKit/605.1.15 (KHTML, like Gecko) Version/17.2 Mobile/15E148 Safari/604.1"
192.168.1.105 - - [18/Feb/2026:12:21:32 +0000] "GET /favicon.ico HTTP/1.1" 200 4674 "https://github.com/example/project" "Mozilla/5.0 (Windows NT 10.0; Win64; x64) AppleWebKit/537.36 (KHTML, like Gecko) Chrome/120.0.0.0 Safari/537.36"
54.36.149.21 - - [18/Feb/2026:12:21:53 +0000] "GET /server-status HTTP/1.1" 404 444 "-" "Mozilla/5.0 (iPhone; CPU iPhone OS 17_2 like Mac OS X) AppleWebKit/605.1.15 (KHTML, like Gecko) Version/17.2 Mobile/15E148 Safari/604.1"
10.0.2.34 - - [18/Feb/2026:12:23:06 +0000] "GET /api/v2/users HTTP/1.1" 200 715 "https://github.com/example/project" "python-requests/2.31.0"
203.0.113.45 - - [18/Feb/2026:12:23:18 +0000] "GET /blog/new-features-january HTTP/1.1" 200 36308 "https://www.google.com/" "curl/8.4.0"
35.186.224.25 - - [18/Feb/2026:12:24:18 +0000] "POST /assets/js/vendor.js HTTP/1.1" 304 0 "https://example.com/" "Mozilla/5.0 (compatible; AhrefsBot/7.0; +http://ahrefs.com/robot/)"
198.51.100.22 - - [18/Feb/2026:12:26:25 +0000] "PUT /api/v1/health HTTP/1.1" 200 3654 "https://example.com/products" "Mozilla/5.0 (Macintosh; Intel Mac OS X 10_15_7) AppleWebKit/537.36 (KHTML, like Gecko) Chrome/120.0.0.0 Safari/537.36"
172.16.0.89 - - [18/Feb/2026:12:26:25 +0000] "GET /docs/getting-started HTTP/2.0" 200 7387 "https://github.com/example/project" "Mozilla/5.0 (Windows NT 10.0; Win64; x64) AppleWebKit/537.36 (KHTML, like Gecko) Chrome/120.0.0.0 Safari/537.36"
13.107.42.14 - - [18/Feb/2026:12:26:44 +0000] "HEAD /api/v1/status HTTP/1.1" 200 7386 "-" "curl/8.4.0"
203.0.113.45 - - [18/Feb/2026:12:28:16 +0000] "HEAD /old-page HTTP/1.1" 404 517 "https://example.com/" "python-requests/2.31.0"
198.51.100.22 - - [18/Feb/2026:12:29:06 +0000] "GET /api/v1/orders HTTP/2.0" 200 5837 "-" "python-requests/2.31.0"
10.0.2.34 - - [18/Feb/2026:12:30:54 +0000] "PUT /docs/authentication HTTP/2.0" 200 21119 "https://www.google.com/" "Mozilla/5.0 (compatible; AhrefsBot/7.0; +http://ahrefs.com/robot/)"
157.55.39.80 - - [18/Feb/2026:12:31:30 +0000] "GET /assets/images/logo.png HTTP/2.0" 200 230567 "https://example.com/" "Mozilla/5.0 (compatible; Googlebot/2.1; +http://www.google.com/bot.html)"
91.198.174.192 - - [18/Feb/2026:12:31:55 +0000] "POST /api/v2/sync HTTP/2.0" 502 997 "-" "Mozilla/5.0 (compatible; bingbot/2.0; +http://www.bing.com/bingbot.htm)"
216.58.214.206 - - [18/Feb/2026:12:32:52 +0000] "GET /api/v2/sync HTTP/1.1" 500 551 "-" "python-requests/2.31.0"
142.250.185.46 - - [18/Feb/2026:12:35:27 +0000] "POST /api/v1/users HTTP/1.1" 200 5065 "https://www.google.com/search?q=cloud+products" "Mozilla/5.0 (iPhone; CPU iPhone OS 17_2 like Mac OS X) AppleWebKit/605.1.15 (KHTML, like Gecko) Version/17.2 Mobile/15E148 Safari/604.1"
203.0.113.45 - - [18/Feb/2026:12:35:45 +0000] "POST /api/v1/checkout HTTP/1.1" 500 394 "https://example.com/" "Mozilla/5.0 (Macintosh; Intel Mac OS X 10_15_7) AppleWebKit/537.36 (KHTML, like Gecko) Chrome/120.0.0.0 Safari/537.36"
157.55.39.80 - - [18/Feb/2026:12:36:46 +0000] "DELETE /api/v1/products HTTP/2.0" 200 1372 "-" "Mozilla/5.0 (compatible; AhrefsBot/7.0; +http://ahrefs.com/robot/)"
192.168.1.105 - - [18/Feb/2026:12:38:58 +0000] "GET /blog HTTP/2.0" 200 23652 "https://www.google.com/" "Mozilla/5.0 (Macintosh; Intel Mac OS X 10_15_7) AppleWebKit/537.36 (KHTML, like Gecko) Chrome/120.0.0.0 Safari/537.36"
104.26.10.78 - - [18/Feb/2026:12:39:11 +0000] "POST /api/v1/products HTTP/2.0" 200 6486 "-" "Mozilla/5.0 (Macintosh; Intel Mac OS X 10_15_7) AppleWebKit/537.36 (KHTML, like Gecko) Chrome/120.0.0.0 Safari/537.36"
